ygame 2.5.2 (SDL 2.28.3, Python 3.12.3)
Hello from the pygame community. https://www.pygame.org/contribute.html
